Smoke set: 5000 rows | pos rate: 0.300
Train: 4000 | Val: 1000
Map:   0%|          | 0/4000 [00:00<?, ? examples/s]Map:  25%|██▌       | 1000/4000 [00:00<00:01, 1909.60 examples/s]Map:  50%|█████     | 2000/4000 [00:00<00:00, 2119.91 examples/s]Map:  75%|███████▌  | 3000/4000 [00:01<00:00, 2146.36 examples/s]Map: 100%|██████████| 4000/4000 [00:01<00:00, 2163.61 examples/s]Map: 100%|██████████| 4000/4000 [00:01<00:00, 2128.49 examples/s]
Map:   0%|          | 0/1000 [00:00<?, ? examples/s]Map: 100%|██████████| 1000/1000 [00:00<00:00, 2022.20 examples/s]Map: 100%|██████████| 1000/1000 [00:00<00:00, 2007.56 examples/s]
Loading weights:   0%|          | 0/198 [00:00<?, ?it/s]Loading weights: 100%|██████████| 198/198 [00:00<00:00, 12911.77it/s]
[1mDebertaV2ForSequenceClassification LOAD REPORT[0m from: microsoft/deberta-v3-base
Key                                     | Status     | 
----------------------------------------+------------+-
lm_predictions.lm_head.LayerNorm.bias   | UNEXPECTED | 
mask_predictions.LayerNorm.bias         | UNEXPECTED | 
lm_predictions.lm_head.LayerNorm.weight | UNEXPECTED | 
lm_predictions.lm_head.dense.weight     | UNEXPECTED | 
mask_predictions.classifier.bias        | UNEXPECTED | 
lm_predictions.lm_head.dense.bias       | UNEXPECTED | 
lm_predictions.lm_head.bias             | UNEXPECTED | 
mask_predictions.classifier.weight      | UNEXPECTED | 
mask_predictions.dense.weight           | UNEXPECTED | 
mask_predictions.LayerNorm.weight       | UNEXPECTED | 
mask_predictions.dense.bias             | UNEXPECTED | 
classifier.weight                       | MISSING    | 
classifier.bias                         | MISSING    | 
pooler.dense.weight                     | MISSING    | 
pooler.dense.bias                       | MISSING    | 

Notes:
- UNEXPECTED:	can be ignored when loading from different task/architecture; not ok if you expect identical arch.
- MISSING:	those params were newly initialized because missing from the checkpoint. Consider training on your downstream task.
warmup_ratio is deprecated and will be removed in v5.2. Use `warmup_steps` instead.
[RANK 0] Detected kernel version 4.18.0, which is below the recommended minimum of 5.5.0; this can cause the process to hang. It is recommended to upgrade the kernel to the minimum version or higher.
Starting smoke train…
{'loss': '1.459', 'grad_norm': 'nan', 'learning_rate': '1.571e-05', 'epoch': '0.3175'}
Traceback (most recent call last):
  File "/tmp/deberta_smoke.py", line 80, in <module>
    trainer.train()
    ~~~~~~~~~~~~~^^
  File "/gpfs/automountdir/gpfs/homes/SEAS/home/g21775526/code/mh-shortcut-learning/.venv/lib/python3.13/site-packages/transformers/trainer.py", line 1424, in train
    return inner_training_loop(
        args=args,
    ...<2 lines>...
        ignore_keys_for_eval=ignore_keys_for_eval,
    )
  File "/gpfs/automountdir/gpfs/homes/SEAS/home/g21775526/code/mh-shortcut-learning/.venv/lib/python3.13/site-packages/transformers/trainer.py", line 1506, in _inner_training_loop
    self._run_epoch(
    ~~~~~~~~~~~~~~~^
        model=model,
        ^^^^^^^^^^^^
    ...<9 lines>...
        steps_trained_in_current_epoch=steps_trained_in_current_epoch,
        ^^^^^^^^^^^^^^^^^^^^^^^^^^^^^^^^^^^^^^^^^^^^^^^^^^^^^^^^^^^^^^
    )
    ^
  File "/gpfs/automountdir/gpfs/homes/SEAS/home/g21775526/code/mh-shortcut-learning/.venv/lib/python3.13/site-packages/transformers/trainer.py", line 1775, in _run_epoch
    self._maybe_log_save_evaluate(
    ~~~~~~~~~~~~~~~~~~~~~~~~~~~~~^
        self._tr_loss,
        ^^^^^^^^^^^^^^
    ...<6 lines>...
        learning_rate=learning_rate,
        ^^^^^^^^^^^^^^^^^^^^^^^^^^^^
    )
    ^
  File "/gpfs/automountdir/gpfs/homes/SEAS/home/g21775526/code/mh-shortcut-learning/.venv/lib/python3.13/site-packages/transformers/trainer.py", line 2081, in _maybe_log_save_evaluate
    metrics = self._evaluate(trial, ignore_keys_for_eval)
  File "/gpfs/automountdir/gpfs/homes/SEAS/home/g21775526/code/mh-shortcut-learning/.venv/lib/python3.13/site-packages/transformers/trainer.py", line 2988, in _evaluate
    metrics = self.evaluate(ignore_keys=ignore_keys_for_eval)
  File "/gpfs/automountdir/gpfs/homes/SEAS/home/g21775526/code/mh-shortcut-learning/.venv/lib/python3.13/site-packages/transformers/trainer.py", line 2575, in evaluate
    output = self.evaluation_loop(
        eval_dataloader,
    ...<5 lines>...
        metric_key_prefix=metric_key_prefix,
    )
  File "/gpfs/automountdir/gpfs/homes/SEAS/home/g21775526/code/mh-shortcut-learning/.venv/lib/python3.13/site-packages/transformers/trainer.py", line 2792, in evaluation_loop
    metrics = self.compute_metrics(
        EvalPrediction(predictions=all_preds, label_ids=all_labels, **eval_set_kwargs)
    )
  File "/tmp/deberta_smoke.py", line 52, in metrics
    return {'auc': roc_auc_score(labels, p), 'f1': f1_score(labels, (p > 0.5).astype(int))}
                   ~~~~~~~~~~~~~^^^^^^^^^^^
  File "/gpfs/automountdir/gpfs/homes/SEAS/home/g21775526/code/mh-shortcut-learning/.venv/lib/python3.13/site-packages/sklearn/utils/_param_validation.py", line 216, in wrapper
    return func(*args, **kwargs)
  File "/gpfs/automountdir/gpfs/homes/SEAS/home/g21775526/code/mh-shortcut-learning/.venv/lib/python3.13/site-packages/sklearn/metrics/_ranking.py", line 620, in roc_auc_score
    y_score = check_array(y_score, ensure_2d=False)
  File "/gpfs/automountdir/gpfs/homes/SEAS/home/g21775526/code/mh-shortcut-learning/.venv/lib/python3.13/site-packages/sklearn/utils/validation.py", line 1107, in check_array
    _assert_all_finite(
    ~~~~~~~~~~~~~~~~~~^
        array,
        ^^^^^^
    ...<2 lines>...
        allow_nan=ensure_all_finite == "allow-nan",
        ^^^^^^^^^^^^^^^^^^^^^^^^^^^^^^^^^^^^^^^^^^^
    )
    ^
  File "/gpfs/automountdir/gpfs/homes/SEAS/home/g21775526/code/mh-shortcut-learning/.venv/lib/python3.13/site-packages/sklearn/utils/validation.py", line 120, in _assert_all_finite
    _assert_all_finite_element_wise(
    ~~~~~~~~~~~~~~~~~~~~~~~~~~~~~~~^
        X,
        ^^
    ...<4 lines>...
        input_name=input_name,
        ^^^^^^^^^^^^^^^^^^^^^^
    )
    ^
  File "/gpfs/automountdir/gpfs/homes/SEAS/home/g21775526/code/mh-shortcut-learning/.venv/lib/python3.13/site-packages/sklearn/utils/validation.py", line 169, in _assert_all_finite_element_wise
    raise ValueError(msg_err)
ValueError: Input contains NaN.
